python : 2025-12-19 22:04:45,090 - whatsapp_client.client - INFO - Initializing WhatsAppClient (server: 
https://whatsapp-clone-worker.hi-suneesh.workers.dev)
At line:1 char:17
+ cd D:\Codebase; python send_test_msg.py >test_output.txt 2>&1; Write- ...
+                 ~~~~~~~~~~~~~~~~~~~~~~~~~~~~~~~~~~~~~~~~~~~~~
    + CategoryInfo          : NotSpecified: (2025-12-19 22:0...sh.workers.dev):String) [], RemoteExcept 
   ion
    + FullyQualifiedErrorId : NativeCommandError
 
2025-12-19 22:04:45,090 - whatsapp_client.auth.manager - INFO - Registering new user: testclient_v5
Traceback (most recent call last):
  File "D:\Codebase\send_test_msg.py", line 20, in main
    user = await client.register(username, password)
           ^^^^^^^^^^^^^^^^^^^^^^^^^^^^^^^^^^^^^^^^^
  File "D:\Codebase\python-client\src\whatsapp_client\client.py", line 330, in register
    user = await self._auth.register(username, password, avatar)
           ^^^^^^^^^^^^^^^^^^^^^^^^^^^^^^^^^^^^^^^^^^^^^^^^^^^^^
  File "D:\Codebase\python-client\src\whatsapp_client\auth\manager.py", line 87, in register
    raise UsernameExistsError(error_msg)
whatsapp_client.exceptions.UsernameExistsError: Username already taken

During handling of the above exception, another exception occurred:

Traceback (most recent call last):
  File "D:\Codebase\send_test_msg.py", line 53, in <module>
    asyncio.run(main())
    ~~~~~~~~~~~^^^^^^^^
  File "C:\Program Files\Python313\Lib\asyncio\runners.py", line 195, in run
    return runner.run(main)
           ~~~~~~~~~~^^^^^^
  File "C:\Program Files\Python313\Lib\asyncio\runners.py", line 118, in run
    return self._loop.run_until_complete(task)
           ~~~~~~~~~~~~~~~~~~~~~~~~~~~~~^^^^^^
  File "C:\Program Files\Python313\Lib\asyncio\base_events.py", line 725, in run_until_complete
    return future.result()
           ~~~~~~~~~~~~~^^
  File "D:\Codebase\send_test_msg.py", line 23, in main
    print(f"\u2717 Registration failed: {e}")
    ~~~~~^^^^^^^^^^^^^^^^^^^^^^^^^^^^^^^
  File "C:\Program Files\Python313\Lib\encodings\cp1252.py", line 19, in encode
    return codecs.charmap_encode(input,self.errors,encoding_table)[0]
           ~~~~~~~~~~~~~~~~~~~~~^^^^^^^^^^^^^^^^^^^^^^^^^^^^^^^^^^
UnicodeEncodeError: 'charmap' codec can't encode character '\u2717' in position 0: character maps to 
<undefined>
2025-12-19 22:04:45,842 - asyncio - ERROR - Unclosed client session
client_session: <aiohttp.client.ClientSession object at 0x0000026695FF86E0>
2025-12-19 22:04:45,842 - asyncio - ERROR - Unclosed connector
connections: ['deque([(<aiohttp.client_proto.ResponseHandler object at 0x0000026696064110>, 
2394011.8536287)])']
connector: <aiohttp.connector.TCPConnector object at 0x0000026695FF8830>
